******************************************************************************
        TMS320C2000 COFF Linker PC v4.1.3                      
******************************************************************************
>> Linked Sat May 29 17:06:42 2010

OUTPUT FILE NAME:   <./Debug/l3npc.out>
ENTRY POINT SYMBOL: "_c_int00"  address: 003f97ed


MEMORY CONFIGURATION

                  name            origin    length      used    attr    fill
         ----------------------  --------  ---------  --------  ----  --------
PAGE  0: PRAMH0                  003f8000   00002000  00001b23  RWIX

PAGE  1: RAMM0                   00000000   00000400  00000084  RWIX
         RAMM1                   00000400   00000400  00000400  RWIX
         DEV_EMU                 00000880   00000180  000000d2  RWIX
         FLASH_REGS              00000a80   00000060  00000008  RWIX
         CSM                     00000ae0   00000010  00000010  RWIX
         XINTF                   00000b20   00000020  00000020  RWIX
         CPU_TIMER0              00000c00   00000008  00000008  RWIX
         CPU_TIMER1              00000c08   00000008  00000000  RWIX
         CPU_TIMER2              00000c10   00000008  00000000  RWIX
         PIE_CTRL                00000ce0   00000020  0000001a  RWIX
         PIE_VECT                00000d00   00000100  00000100  RWIX
         ECANA                   00006000   00000040  00000034  RWIX
         ECANA_LAM               00006040   00000040  00000040  RWIX
         ECANA_MOTS              00006080   00000040  00000040  RWIX
         ECANA_MOTO              000060c0   00000040  00000040  RWIX
         ECANA_MBOX              00006100   00000100  00000100  RWIX
         SYSTEM                  00007010   00000020  00000020  RWIX
         SPI_A                   00007040   00000010  00000010  RWIX
         SCI_A                   00007050   00000010  00000010  RWIX
         XINTRUPT                00007070   00000010  00000010  RWIX
         GPIOMUX                 000070c0   00000020  00000020  RWIX
         GPIODAT                 000070e0   00000020  00000020  RWIX
         ADC                     00007100   00000020  0000001a  RWIX
         EV_A                    00007400   00000040  00000032  RWIX
         EV_B                    00007500   00000040  00000032  RWIX
         SPI_B                   00007740   00000010  00000000  RWIX
         SCI_B                   00007750   00000010  00000010  RWIX
         MCBSP_A                 00007800   00000040  00000025  RWIX
         RAML0L1                 00008000   00002000  00000cac  RWIX
         CSM_PWL                 003f7ff8   00000008  00000008  RWIX
         IQTABLES                003ff000   00000b50  00000b50  R   


SECTION ALLOCATION MAP

 output                                  attributes/
section   page    origin      length       input sections
--------  ----  ----------  ----------   ----------------
.text      0    003f8000    00001885     
                  003f8000    00000333     l3_main.obj (.text)
                  003f8333    00000716     l3_ints.obj (.text)
                  003f8a49    00000028     DSP281x_PieCtrl.obj (.text)
                  003f8a71    00000020     DSP281x_PieVect.obj (.text)
                  003f8a91    00000041     _lpf.obj (.text)
                  003f8ad2    0000001e     dmc_clarke.obj (.text)
                  003f8af0    00000037     dmc_ipark.obj (.text)
                  003f8b27    00000037     dmc_park.obj (.text)
                  003f8b5e    0000007f     dmc_pid_reg3.obj (.text)
                  003f8bdd    00000172     dmc_svgen_dq.obj (.text)
                  003f8d4f    0000014f     DSP281x_DefaultIsr.obj (.text)
                  003f8e9e    00000050     DSP281x_SysCtrl.obj (.text)
                  003f8eee    000001dc     l3_adc.obj (.text)
                  003f90ca    00000723     TLsvgen_dq.obj (.text)
                  003f97ed    00000044     rts2800.lib : boot.obj (.text)
                  003f9831    0000003d                 : exit.obj (.text)
                  003f986e    00000007                 : _lock.obj (.text)
                  003f9875    00000010                 : args_main.obj (.text)

.cinit     0    003f9885    000001ba     
                  003f9885    0000018d     l3_main.obj (.cinit)
                  003f9a12    00000019     l3_ints.obj (.cinit)
                  003f9a2b    0000000b     rts2800.lib : exit.obj (.cinit)
                  003f9a36    00000008                 : _lock.obj (.cinit)
                  003f9a3e    00000001     --HOLE-- [fill = 0]

IQmath     0    003f9a3f    000000de     
                  003f9a3f    00000047     IQmath.lib : IQ15div.obj (IQmath)
                  003f9a86    00000027                : IQ20cosPU.obj (IQmath)
                  003f9aad    00000047                : IQ20div.obj (IQmath)
                  003f9af4    00000029                : IQ20sinPU.obj (IQmath)

ramfuncs   0    003f9b1d    00000004     
                  003f9b1d    00000004     DSP281x_usDelay.obj (ramfuncs)

.reset     0    003f9b22    00000002     
                  003f9b22    00000002     rts2800.lib : boot.obj (.reset)

.data      1    00000000    00000000     UNINITIALIZED

.bss       1    00000000    00000084     UNINITIALIZED
                  00000000    00000080     rts2800.lib : exit.obj (.bss)
                  00000080    00000004                 : _lock.obj (.bss)

.stack     1    00000400    00000400     UNINITIALIZED

DevEmuRegsFile 
*          1    00000880    000000d2     UNINITIALIZED
                  00000880    000000d2     DSP281x_GlobalVariableDefs.obj (DevEmuRegsFile)

FlashRegsFile 
*          1    00000a80    00000008     UNINITIALIZED
                  00000a80    00000008     DSP281x_GlobalVariableDefs.obj (FlashRegsFile)

CsmRegsFile 
*          1    00000ae0    00000010     UNINITIALIZED
                  00000ae0    00000010     DSP281x_GlobalVariableDefs.obj (CsmRegsFile)

XintfRegsFile 
*          1    00000b20    00000020     UNINITIALIZED
                  00000b20    00000020     DSP281x_GlobalVariableDefs.obj (XintfRegsFile)

CpuTimer0RegsFile 
*          1    00000c00    00000008     UNINITIALIZED
                  00000c00    00000008     DSP281x_GlobalVariableDefs.obj (CpuTimer0RegsFile)

CpuTimer1RegsFile 
*          1    00000c08    00000000     UNINITIALIZED

CpuTimer2RegsFile 
*          1    00000c10    00000000     UNINITIALIZED

PieCtrlRegsFile 
*          1    00000ce0    0000001a     UNINITIALIZED
                  00000ce0    0000001a     DSP281x_GlobalVariableDefs.obj (PieCtrlRegsFile)

PieVectTable 
*          1    00000d00    00000000     UNINITIALIZED

PieVectTableFile 
*          1    00000d00    00000100     UNINITIALIZED
                  00000d00    00000100     DSP281x_GlobalVariableDefs.obj (PieVectTableFile)

ECanaRegsFile 
*          1    00006000    00000034     UNINITIALIZED
                  00006000    00000034     DSP281x_GlobalVariableDefs.obj (ECanaRegsFile)

ECanaLAMRegsFile 
*          1    00006040    00000040     UNINITIALIZED
                  00006040    00000040     DSP281x_GlobalVariableDefs.obj (ECanaLAMRegsFile)

ECanaMOTSRegsFile 
*          1    00006080    00000040     UNINITIALIZED
                  00006080    00000040     DSP281x_GlobalVariableDefs.obj (ECanaMOTSRegsFile)

ECanaMOTORegsFile 
*          1    000060c0    00000040     UNINITIALIZED
                  000060c0    00000040     DSP281x_GlobalVariableDefs.obj (ECanaMOTORegsFile)

ECanaMboxesFile 
*          1    00006100    00000100     UNINITIALIZED
                  00006100    00000100     DSP281x_GlobalVariableDefs.obj (ECanaMboxesFile)

SysCtrlRegsFile 
*          1    00007010    00000020     UNINITIALIZED
                  00007010    00000020     DSP281x_GlobalVariableDefs.obj (SysCtrlRegsFile)

SpiaRegsFile 
*          1    00007040    00000010     UNINITIALIZED
                  00007040    00000010     DSP281x_GlobalVariableDefs.obj (SpiaRegsFile)

SciaRegsFile 
*          1    00007050    00000010     UNINITIALIZED
                  00007050    00000010     DSP281x_GlobalVariableDefs.obj (SciaRegsFile)

XIntruptRegsFile 
*          1    00007070    00000010     UNINITIALIZED
                  00007070    00000010     DSP281x_GlobalVariableDefs.obj (XIntruptRegsFile)

GpioMuxRegsFile 
*          1    000070c0    00000020     UNINITIALIZED
                  000070c0    00000020     DSP281x_GlobalVariableDefs.obj (GpioMuxRegsFile)

GpioDataRegsFile 
*          1    000070e0    00000020     UNINITIALIZED
                  000070e0    00000020     DSP281x_GlobalVariableDefs.obj (GpioDataRegsFile)

AdcRegsFile 
*          1    00007100    0000001a     UNINITIALIZED
                  00007100    0000001a     DSP281x_GlobalVariableDefs.obj (AdcRegsFile)

EvaRegsFile 
*          1    00007400    00000032     UNINITIALIZED
                  00007400    00000032     DSP281x_GlobalVariableDefs.obj (EvaRegsFile)

EvbRegsFile 
*          1    00007500    00000032     UNINITIALIZED
                  00007500    00000032     DSP281x_GlobalVariableDefs.obj (EvbRegsFile)

ScibRegsFile 
*          1    00007750    00000010     UNINITIALIZED
                  00007750    00000010     DSP281x_GlobalVariableDefs.obj (ScibRegsFile)

McbspaRegsFile 
*          1    00007800    00000025     UNINITIALIZED
                  00007800    00000025     DSP281x_GlobalVariableDefs.obj (McbspaRegsFile)

.sysmem    1    00008000    00000000     UNINITIALIZED

.const     1    00008000    00000000     UNINITIALIZED

IQmathTablesRam 
*          1    00008000    00000000     UNINITIALIZED

WatchTemp 
*          1    00008000    00000980     UNINITIALIZED
                  00008000    00000980     l3_ints.obj (WatchTemp)

.ebss      1    00008980    000001f0     UNINITIALIZED
                  00008980    000001bc     l3_main.obj (.ebss)
                  00008b40    00000030     l3_ints.obj (.ebss)

.econst    1    00008b70    0000010c     
                  00008b70    00000100     DSP281x_PieVect.obj (.econst)
                  00008c70    0000000c     l3_adc.obj (.econst)

L3CRegsFile 
*          1    00008c80    00000030     UNINITIALIZED
                  00008c80    00000030     l3_main.obj (L3CRegsFile)

CsmPwlFile 
*          1    003f7ff8    00000008     UNINITIALIZED
                  003f7ff8    00000008     DSP281x_GlobalVariableDefs.obj (CsmPwlFile)

IQmathTables 
*          1    003ff000    00000b50     NOLOAD SECTION
                  003ff000    00000b50     IQmath.lib : IQmathTables.obj (IQmathTables)


GLOBAL SYMBOLS: SORTED ALPHABETICALLY BY Name 

address    name
--------   ----
00000000   .bss
00000000   .data
003f8000   .text
003f9850   C$$EXIT
003f8dc2   _ADCINT_ISR
003f903c   _ADC_init
003f9012   _ADC_offset
003f8eee   _ADC_read
003f90c2   _ADC_start
003f88a9   _ADUdc_deal
00007100   _AdcRegs
003f8e08   _CAPINT1_ISR
003f8e0d   _CAPINT2_ISR
003f8e12   _CAPINT3_ISR
003f8e4e   _CAPINT4_ISR
003f8e53   _CAPINT5_ISR
003f8e58   _CAPINT6_ISR
003f8dd1   _CMP1INT_ISR
003f8dd6   _CMP2INT_ISR
003f8ddb   _CMP3INT_ISR
003f8e17   _CMP4INT_ISR
003f8e1c   _CMP5INT_ISR
003f8e21   _CMP6INT_ISR
003f8246   _CheckFault
003f817f   _CheckNormal
00000c00   _CpuTimer0Regs
003f7ff8   _CsmPwl
00000ae0   _CsmRegs
003f8d59   _DATALOG_ISR
003f9b1d   _DSP28x_usDelay
00000880   _DevEmuRegs
003f8eb0   _DisableDog
003f8e85   _ECAN0INTA_ISR
003f8e8a   _ECAN1INTA_ISR
00006040   _ECanaLAMRegs
000060c0   _ECanaMOTORegs
00006080   _ECanaMOTSRegs
00006100   _ECanaMboxes
00006000   _ECanaRegs
003f8e8f   _EMPTY_ISR
003f8d63   _EMUINT_ISR
003f8a68   _EnableInterrupts
00007400   _EvaRegs
003f8333   _Eva_PDPINT_isr
003f8378   _Eva_T1UF_isr
00007500   _EvbRegs
003f8359   _Evb_PDPINT_isr
003f89d1   _FindMid5
00000a80   _FlashRegs
00008980   _GlobalQ
000070e0   _GpioDataRegs
000070c0   _GpioMuxRegs
003f8247   _IDEL
003f8d6d   _ILLEGAL_ISR
003f8d4f   _INT13_ISR
003f8d54   _INT14_ISR
003ffad8   _IQ10mpyRndSatTable
003ffacc   _IQ11mpyRndSatTable
003ffac0   _IQ12mpyRndSatTable
003ffab4   _IQ13mpyRndSatTable
003ffaa8   _IQ14mpyRndSatTable
003ffa9c   _IQ15mpyRndSatTable
003ffa90   _IQ16mpyRndSatTable
003ffa84   _IQ17mpyRndSatTable
003ffa78   _IQ18mpyRndSatTable
003ffa6c   _IQ19mpyRndSatTable
003ffb44   _IQ1mpyRndSatTable
003ffa60   _IQ20mpyRndSatTable
003ffa54   _IQ21mpyRndSatTable
003ffa48   _IQ22mpyRndSatTable
003ffa3c   _IQ23mpyRndSatTable
003ffa30   _IQ24mpyRndSatTable
003ffa24   _IQ25mpyRndSatTable
003ffa18   _IQ26mpyRndSatTable
003ffa0c   _IQ27mpyRndSatTable
003ffa00   _IQ28mpyRndSatTable
003ff9f4   _IQ29mpyRndSatTable
003ffb38   _IQ2mpyRndSatTable
003ff9e8   _IQ30mpyRndSatTable
003ffb2c   _IQ3mpyRndSatTable
003ffb20   _IQ4mpyRndSatTable
003ffb14   _IQ5mpyRndSatTable
003ffb08   _IQ6mpyRndSatTable
003ffafc   _IQ7mpyRndSatTable
003ffaf0   _IQ8mpyRndSatTable
003ffae4   _IQ9mpyRndSatTable
003ff824   _IQatan2HalfPITable
003ff862   _IQatan2Table
003ff9e8   _IQatan2TableEnd
003ff100   _IQcosTable
003ff502   _IQcosTableEnd
003ff502   _IQdivRoundSatTable
003ff510   _IQdivTable
003ff712   _IQdivTableEnd
003ff712   _IQisqrtRoundSatTable
003ff722   _IQisqrtTable
003ff824   _IQisqrtTableEnd
003ff9e8   _IQmpyRndSatTable
003ffb50   _IQmpyRndSatTableEnd
003ff000   _IQsinTable
003ff400   _IQsinTableEnd
003ff712   _IQsqrtRoundSatTable
003ff722   _IQsqrtTable
003ff824   _IQsqrtTableEnd
003f8080   _InitEv
003f8041   _InitGpio
003f80f4   _InitL3C
003f8ed5   _InitPeripheralClocks
003f8077   _InitPeripherals
003f8a49   _InitPieCtrl
003f8a71   _InitPieVectTable
003f8eb8   _InitPll
003f8e9e   _InitSysCtrl
003f8ea6   _KickDog
003f8a91   _LPF_calc
003f8e67   _MRINTA_ISR
003f8e6c   _MXINTA_ISR
00007800   _McbspaRegs
003f8d68   _NMI_ISR
003f8dae   _PDPINTA_ISR
003f8db3   _PDPINTB_ISR
003f8e94   _PIE_RESERVED
00000ce0   _PieCtrlRegs
00000d00   _PieVectTable
00008b70   _PieVectTableInit
003f8d5e   _RTOSINT_ISR
003f8e71   _SCIRXINTA_ISR
003f8e7b   _SCIRXINTB_ISR
003f8e76   _SCITXINTA_ISR
003f8e80   _SCITXINTB_ISR
003f8e5d   _SPIRXINTA_ISR
003f8e62   _SPITXINTA_ISR
00007050   _SciaRegs
00007750   _ScibRegs
00007040   _SpiaRegs
00007010   _SysCtrlRegs
003f8de5   _T1CINT_ISR
003f8def   _T1OFINT_ISR
003f8de0   _T1PINT_ISR
003f8dea   _T1UFINT_ISR
003f8df9   _T2CINT_ISR
003f8e03   _T2OFINT_ISR
003f8df4   _T2PINT_ISR
003f8dfe   _T2UFINT_ISR
003f8e2b   _T3CINT_ISR
003f8e35   _T3OFINT_ISR
003f8e26   _T3PINT_ISR
003f8e30   _T3UFINT_ISR
003f8e3f   _T4CINT_ISR
003f8e49   _T4OFINT_ISR
003f8e3a   _T4PINT_ISR
003f8e44   _T4UFINT_ISR
003f8dc7   _TINT0_ISR
003f90ca   _TLsvgendq_calc
003f8d9f   _USER10_ISR
003f8da4   _USER11_ISR
003f8da9   _USER12_ISR
003f8d72   _USER1_ISR
003f8d77   _USER2_ISR
003f8d7c   _USER3_ISR
003f8d81   _USER4_ISR
003f8d86   _USER5_ISR
003f8d8b   _USER6_ISR
003f8d90   _USER7_ISR
003f8d95   _USER8_ISR
003f8d9a   _USER9_ISR
003f8dcc   _WAKEINT_ISR
00008000   _Watch16
00008340   _Watch32
003f8db8   _XINT1_ISR
003f8dbd   _XINT2_ISR
00007070   _XIntruptRegs
00000b20   _XintfRegs
003f9a3f   __IQ15div
003f9a86   __IQ20cosPU
003f9aad   __IQ20div
003f9af4   __IQ20sinPU
00000400   __STACK_SIZE
ffffffff   ___binit__
00000000   ___bss__
ffffffff   ___c_args__
003f9885   ___cinit__
00000000   ___data__
00000000   ___edata__
00000084   ___end__
003f9885   ___etext__
ffffffff   ___pinit__
003f8000   ___text__
003f9875   __args_main
00000004   __cleanup_ptr
00000002   __dtors_ptr
00000082   __lock
003f986e   __nop
003f986f   __register_lock
003f9872   __register_unlock
00000080   __unlock
003f986d   _abort
00008b00   _ad
003f9852   _atexit
003f97ed   _c_int00
003f8ad2   _clarke_calc
003f831f   _delayx
003f9831   _exit
00008b40   _iEvaT1ufC
00008b43   _iInvC
00008b41   _iUdcC
00008b42   _iWatchC
00008982   _ipark
003f8af0   _ipark_calc
003f884c   _l3_expwm
003f8495   _l3_spwm
003f8829   _l3_svpwm
00008c80   _l3c
00008a1a   _lpfUdc
000089d8   _lpfUnp
00008a00   _lpfUnpe
003f8000   _main
000089c0   _npc
003f8b27   _park_calc
00008a80   _pi_id
00008ac0   _pi_iq
00008a40   _pi_vdc
003f8b5e   _pid_reg3_calc
00008b48   _qADUdc
00008b5c   _qADUnp
00008b44   _qUdc
00008b46   _qUnp
003f8e99   _rsvd_ISR
0000898e   _sv
003f8bdd   _svgendq_calc
003f8266   _test_io_ad
0000899a   _tlsv
ffffffff   binit
003f9885   cinit
00000000   edata
00000084   end
003f9885   etext
ffffffff   pinit


GLOBAL SYMBOLS: SORTED BY Symbol Address 

address    name
--------   ----
00000000   ___bss__
00000000   edata
00000000   ___edata__
00000000   ___data__
00000000   .bss
00000000   .data
00000002   __dtors_ptr
00000004   __cleanup_ptr
00000080   __unlock
00000082   __lock
00000084   end
00000084   ___end__
00000400   __STACK_SIZE
00000880   _DevEmuRegs
00000a80   _FlashRegs
00000ae0   _CsmRegs
00000b20   _XintfRegs
00000c00   _CpuTimer0Regs
00000ce0   _PieCtrlRegs
00000d00   _PieVectTable
00006000   _ECanaRegs
00006040   _ECanaLAMRegs
00006080   _ECanaMOTSRegs
000060c0   _ECanaMOTORegs
00006100   _ECanaMboxes
00007010   _SysCtrlRegs
00007040   _SpiaRegs
00007050   _SciaRegs
00007070   _XIntruptRegs
000070c0   _GpioMuxRegs
000070e0   _GpioDataRegs
00007100   _AdcRegs
00007400   _EvaRegs
00007500   _EvbRegs
00007750   _ScibRegs
00007800   _McbspaRegs
00008000   _Watch16
00008340   _Watch32
00008980   _GlobalQ
00008982   _ipark
0000898e   _sv
0000899a   _tlsv
000089c0   _npc
000089d8   _lpfUnp
00008a00   _lpfUnpe
00008a1a   _lpfUdc
00008a40   _pi_vdc
00008a80   _pi_id
00008ac0   _pi_iq
00008b00   _ad
00008b40   _iEvaT1ufC
00008b41   _iUdcC
00008b42   _iWatchC
00008b43   _iInvC
00008b44   _qUdc
00008b46   _qUnp
00008b48   _qADUdc
00008b5c   _qADUnp
00008b70   _PieVectTableInit
00008c80   _l3c
003f7ff8   _CsmPwl
003f8000   ___text__
003f8000   .text
003f8000   _main
003f8041   _InitGpio
003f8077   _InitPeripherals
003f8080   _InitEv
003f80f4   _InitL3C
003f817f   _CheckNormal
003f8246   _CheckFault
003f8247   _IDEL
003f8266   _test_io_ad
003f831f   _delayx
003f8333   _Eva_PDPINT_isr
003f8359   _Evb_PDPINT_isr
003f8378   _Eva_T1UF_isr
003f8495   _l3_spwm
003f8829   _l3_svpwm
003f884c   _l3_expwm
003f88a9   _ADUdc_deal
003f89d1   _FindMid5
003f8a49   _InitPieCtrl
003f8a68   _EnableInterrupts
003f8a71   _InitPieVectTable
003f8a91   _LPF_calc
003f8ad2   _clarke_calc
003f8af0   _ipark_calc
003f8b27   _park_calc
003f8b5e   _pid_reg3_calc
003f8bdd   _svgendq_calc
003f8d4f   _INT13_ISR
003f8d54   _INT14_ISR
003f8d59   _DATALOG_ISR
003f8d5e   _RTOSINT_ISR
003f8d63   _EMUINT_ISR
003f8d68   _NMI_ISR
003f8d6d   _ILLEGAL_ISR
003f8d72   _USER1_ISR
003f8d77   _USER2_ISR
003f8d7c   _USER3_ISR
003f8d81   _USER4_ISR
003f8d86   _USER5_ISR
003f8d8b   _USER6_ISR
003f8d90   _USER7_ISR
003f8d95   _USER8_ISR
003f8d9a   _USER9_ISR
003f8d9f   _USER10_ISR
003f8da4   _USER11_ISR
003f8da9   _USER12_ISR
003f8dae   _PDPINTA_ISR
003f8db3   _PDPINTB_ISR
003f8db8   _XINT1_ISR
003f8dbd   _XINT2_ISR
003f8dc2   _ADCINT_ISR
003f8dc7   _TINT0_ISR
003f8dcc   _WAKEINT_ISR
003f8dd1   _CMP1INT_ISR
003f8dd6   _CMP2INT_ISR
003f8ddb   _CMP3INT_ISR
003f8de0   _T1PINT_ISR
003f8de5   _T1CINT_ISR
003f8dea   _T1UFINT_ISR
003f8def   _T1OFINT_ISR
003f8df4   _T2PINT_ISR
003f8df9   _T2CINT_ISR
003f8dfe   _T2UFINT_ISR
003f8e03   _T2OFINT_ISR
003f8e08   _CAPINT1_ISR
003f8e0d   _CAPINT2_ISR
003f8e12   _CAPINT3_ISR
003f8e17   _CMP4INT_ISR
003f8e1c   _CMP5INT_ISR
003f8e21   _CMP6INT_ISR
003f8e26   _T3PINT_ISR
003f8e2b   _T3CINT_ISR
003f8e30   _T3UFINT_ISR
003f8e35   _T3OFINT_ISR
003f8e3a   _T4PINT_ISR
003f8e3f   _T4CINT_ISR
003f8e44   _T4UFINT_ISR
003f8e49   _T4OFINT_ISR
003f8e4e   _CAPINT4_ISR
003f8e53   _CAPINT5_ISR
003f8e58   _CAPINT6_ISR
003f8e5d   _SPIRXINTA_ISR
003f8e62   _SPITXINTA_ISR
003f8e67   _MRINTA_ISR
003f8e6c   _MXINTA_ISR
003f8e71   _SCIRXINTA_ISR
003f8e76   _SCITXINTA_ISR
003f8e7b   _SCIRXINTB_ISR
003f8e80   _SCITXINTB_ISR
003f8e85   _ECAN0INTA_ISR
003f8e8a   _ECAN1INTA_ISR
003f8e8f   _EMPTY_ISR
003f8e94   _PIE_RESERVED
003f8e99   _rsvd_ISR
003f8e9e   _InitSysCtrl
003f8ea6   _KickDog
003f8eb0   _DisableDog
003f8eb8   _InitPll
003f8ed5   _InitPeripheralClocks
003f8eee   _ADC_read
003f9012   _ADC_offset
003f903c   _ADC_init
003f90c2   _ADC_start
003f90ca   _TLsvgendq_calc
003f97ed   _c_int00
003f9831   _exit
003f9850   C$$EXIT
003f9852   _atexit
003f986d   _abort
003f986e   __nop
003f986f   __register_lock
003f9872   __register_unlock
003f9875   __args_main
003f9885   ___etext__
003f9885   ___cinit__
003f9885   etext
003f9885   cinit
003f9a3f   __IQ15div
003f9a86   __IQ20cosPU
003f9aad   __IQ20div
003f9af4   __IQ20sinPU
003f9b1d   _DSP28x_usDelay
003ff000   _IQsinTable
003ff100   _IQcosTable
003ff400   _IQsinTableEnd
003ff502   _IQcosTableEnd
003ff502   _IQdivRoundSatTable
003ff510   _IQdivTable
003ff712   _IQsqrtRoundSatTable
003ff712   _IQisqrtRoundSatTable
003ff712   _IQdivTableEnd
003ff722   _IQisqrtTable
003ff722   _IQsqrtTable
003ff824   _IQatan2HalfPITable
003ff824   _IQsqrtTableEnd
003ff824   _IQisqrtTableEnd
003ff862   _IQatan2Table
003ff9e8   _IQ30mpyRndSatTable
003ff9e8   _IQmpyRndSatTable
003ff9e8   _IQatan2TableEnd
003ff9f4   _IQ29mpyRndSatTable
003ffa00   _IQ28mpyRndSatTable
003ffa0c   _IQ27mpyRndSatTable
003ffa18   _IQ26mpyRndSatTable
003ffa24   _IQ25mpyRndSatTable
003ffa30   _IQ24mpyRndSatTable
003ffa3c   _IQ23mpyRndSatTable
003ffa48   _IQ22mpyRndSatTable
003ffa54   _IQ21mpyRndSatTable
003ffa60   _IQ20mpyRndSatTable
003ffa6c   _IQ19mpyRndSatTable
003ffa78   _IQ18mpyRndSatTable
003ffa84   _IQ17mpyRndSatTable
003ffa90   _IQ16mpyRndSatTable
003ffa9c   _IQ15mpyRndSatTable
003ffaa8   _IQ14mpyRndSatTable
003ffab4   _IQ13mpyRndSatTable
003ffac0   _IQ12mpyRndSatTable
003ffacc   _IQ11mpyRndSatTable
003ffad8   _IQ10mpyRndSatTable
003ffae4   _IQ9mpyRndSatTable
003ffaf0   _IQ8mpyRndSatTable
003ffafc   _IQ7mpyRndSatTable
003ffb08   _IQ6mpyRndSatTable
003ffb14   _IQ5mpyRndSatTable
003ffb20   _IQ4mpyRndSatTable
003ffb2c   _IQ3mpyRndSatTable
003ffb38   _IQ2mpyRndSatTable
003ffb44   _IQ1mpyRndSatTable
003ffb50   _IQmpyRndSatTableEnd
ffffffff   ___pinit__
ffffffff   pinit
ffffffff   ___c_args__
ffffffff   binit
ffffffff   ___binit__

[238 symbols]
